============================================
  JUNKYARD RAT — Rat Rod v1 + Coprime Loader
  Seed: 300
  Loader mode: coprime
  Base-first lane | no trigram | no n-gram eval
  Importing #1060 loader before Triton
  Parallel Muon | XSA-all-11 | Bigram 2048 | RoPE 16
============================================
W0330 00:45:17.814000 2305 torch/distributed/run.py:803]
W0330 00:45:17.814000 2305 torch/distributed/run.py:803] *****************************************
W0330 00:45:17.814000 2305 torch/distributed/run.py:803] Setting OMP_NUM_THREADS environment variable for each process to be 1 in default, to avoid your system being overloaded, please further tune the variable for optimal performance in your application as needed.
W0330 00:45:17.814000 2305 torch/distributed/run.py:803] *****************************************
logs/6f524e23-198b-4f0a-b011-2a6c63d71a74.txt
val_bpb:enabled tokenizer_kind=sentencepiece tokenizer_path=/workspace/parameter-golf/data/tokenizers/fineweb_1024_bpe.model
train_loader:dataset:fineweb10B_sp1024 train_shards:80
val_loader:shards pattern=/workspace/parameter-golf/data/datasets/fineweb10B_sp1024/fineweb_val_*.bin tokens:62021632
model_params:26993756
mtp_num_heads:0 mtp_loss_weight:0.2 mtp_params:0
XSA:last_11 active_layers:[0, 1, 2, 3, 4, 5, 6, 7, 8, 9, 10]
world_size:8 grad_accum_steps:1
sdp_backends:cudnn=False flash=True mem_efficient=False math=False
attention_mode:gqa num_heads:8 num_kv_heads:4
tie_embeddings:True embed_lr:0.035 head_lr:0.0 matrix_lr:0.025 scalar_lr:0.025
train_batch_tokens:786432 train_seq_len:2048 iterations:20000 warmup_steps:20 max_wallclock_seconds:600.000
compile:enabled=1 mode:default fullgraph=1
mlp_kernel_mode:eager
scale_init:attn=1.0000 mlp=1.0000 resid_mix=(1.0000,0.0000) ln_scale=1
seed:300
loader:coprime shards:80 blocks:3906240 seq_len:2048 shards_per_batch:1 cache:1 batch_stride:63 hold_steps:64
warmup_step:1/20
warmup_step:2/20
warmup_step:3/20
warmup_step:4/20
warmup_step:5/20
warmup_step:6/20
warmup_step:7/20
warmup_step:8/20
warmup_step:9/20
warmup_step:10/20
warmup_step:11/20
warmup_step:12/20
warmup_step:13/20
warmup_step:14/20
warmup_step:15/20
warmup_step:16/20
warmup_step:17/20
warmup_step:18/20
warmup_step:19/20
warmup_step:20/20
loader_reset:loader:coprime shards:80 blocks:3906240 seq_len:2048 shards_per_batch:1 cache:1 batch_stride:63 hold_steps:64
step:0/20000 val_loss:6.9319 val_bpb:4.1054 train_time:0ms step_avg:0.01ms
step:1/20000 train_loss:6.9350 train_time:363ms step_avg:362.72ms
step:2/20000 train_loss:8.7477 train_time:404ms step_avg:201.80ms
step:3/20000 train_loss:7.9532 train_time:487ms step_avg:162.30ms
step:4/20000 train_loss:6.9608 train_time:572ms step_avg:143.07ms
step:5/20000 train_loss:7.1883 train_time:656ms step_avg:131.29ms
step:6/20000 train_loss:7.1658 train_time:742ms step_avg:123.64ms
step:7/20000 train_loss:7.0425 train_time:826ms step_avg:118.01ms
step:8/20000 train_loss:6.7161 train_time:911ms step_avg:113.93ms
step:9/20000 train_loss:6.5475 train_time:996ms step_avg:110.66ms
step:10/20000 train_loss:6.3794 train_time:1081ms step_avg:108.05ms
step:500/20000 train_loss:2.3303 train_time:45244ms step_avg:90.49ms
step:1000/20000 train_loss:2.1585 train_time:90699ms step_avg:90.70ms
step:1500/20000 train_loss:2.1593 train_time:136167ms step_avg:90.78ms
step:2000/20000 train_loss:2.0315 train_time:181740ms step_avg:90.87ms
step:2500/20000 train_loss:2.1083 train_time:227189ms step_avg:90.88ms
step:3000/20000 train_loss:1.9972 train_time:272385ms step_avg:90.79ms
step:3500/20000 train_loss:2.0375 train_time:317840ms step_avg:90.81ms
step:4000/20000 train_loss:2.0522 train_time:363259ms step_avg:90.81ms
step:4000/20000 val_loss:2.0245 val_bpb:1.1990 train_time:363310ms step_avg:90.83ms
step:4500/20000 train_loss:2.0006 train_time:408675ms step_avg:90.82ms
step:5000/20000 train_loss:2.0888 train_time:454103ms step_avg:90.82ms
step:5500/20000 train_loss:2.0120 train_time:499287ms step_avg:90.78ms
swa:start step:5950
step:6000/20000 train_loss:2.0032 train_time:544826ms step_avg:90.80ms
late_qat:enabled step:6081 scale:0.1492
step:6500/20000 train_loss:1.9049 train_time:590859ms step_avg:90.90ms
step:6599/20000 val_loss:1.9153 val_bpb:1.1343 train_time:600125ms step_avg:90.94ms
stopping_early: wallclock_cap train_time:600125ms step:6599/20000
peak memory allocated: 22860 MiB reserved: 23042 MiB
ema:applying EMA weights
DIAGNOSTIC post_ema val_loss:1.9137 val_bpb:1.1334 eval_time:2089ms
Serialized model: 106158518 bytes
Code size: 103437 bytes
final_sliding_window val_loss:1.8741 val_bpb:1.1100 stride:64 eval_time:99662ms
final_sliding_window_exact val_loss:1.87411283 val_bpb:1.10995812
============================================
  DONE
============================================
