============================================
  JUNKYARD RAT — Rat Rod v1 + Coprime Loader
  Seed: 42
  Loader mode: coprime
  Base-first lane | no trigram | no n-gram eval
  Importing #1060 loader before Triton
  Parallel Muon | XSA-all-11 | Bigram 2048 | RoPE 16
============================================
W0330 01:00:08.692000 55377 torch/distributed/run.py:803]
W0330 01:00:08.692000 55377 torch/distributed/run.py:803] *****************************************
W0330 01:00:08.692000 55377 torch/distributed/run.py:803] Setting OMP_NUM_THREADS environment variable for each process to be 1 in default, to avoid your system being overloaded, please further tune the variable for optimal performance in your application as needed.
W0330 01:00:08.692000 55377 torch/distributed/run.py:803] *****************************************
logs/42d9a1b3-4640-4a56-a2d7-a7202b2f0596.txt
val_bpb:enabled tokenizer_kind=sentencepiece tokenizer_path=/workspace/parameter-golf/data/tokenizers/fineweb_1024_bpe.model
train_loader:dataset:fineweb10B_sp1024 train_shards:80
val_loader:shards pattern=/workspace/parameter-golf/data/datasets/fineweb10B_sp1024/fineweb_val_*.bin tokens:62021632
model_params:26993756
mtp_num_heads:0 mtp_loss_weight:0.2 mtp_params:0
XSA:last_11 active_layers:[0, 1, 2, 3, 4, 5, 6, 7, 8, 9, 10]
world_size:8 grad_accum_steps:1
sdp_backends:cudnn=False flash=True mem_efficient=False math=False
attention_mode:gqa num_heads:8 num_kv_heads:4
tie_embeddings:True embed_lr:0.035 head_lr:0.0 matrix_lr:0.025 scalar_lr:0.025
train_batch_tokens:786432 train_seq_len:2048 iterations:20000 warmup_steps:20 max_wallclock_seconds:600.000
compile:enabled=1 mode:default fullgraph=1
mlp_kernel_mode:eager
scale_init:attn=1.0000 mlp=1.0000 resid_mix=(1.0000,0.0000) ln_scale=1
seed:42
loader:coprime shards:80 blocks:3906240 seq_len:2048 shards_per_batch:1 cache:1 batch_stride:47 hold_steps:64
warmup_step:1/20
warmup_step:2/20
warmup_step:3/20
warmup_step:4/20
warmup_step:5/20
warmup_step:6/20
warmup_step:7/20
warmup_step:8/20
warmup_step:9/20
warmup_step:10/20
warmup_step:11/20
warmup_step:12/20
warmup_step:13/20
warmup_step:14/20
warmup_step:15/20
warmup_step:16/20
warmup_step:17/20
warmup_step:18/20
warmup_step:19/20
warmup_step:20/20
loader_reset:loader:coprime shards:80 blocks:3906240 seq_len:2048 shards_per_batch:1 cache:1 batch_stride:47 hold_steps:64
step:0/20000 val_loss:6.9297 val_bpb:4.1042 train_time:0ms step_avg:0.01ms
step:1/20000 train_loss:6.9299 train_time:363ms step_avg:362.78ms
step:2/20000 train_loss:8.5453 train_time:403ms step_avg:201.58ms
step:3/20000 train_loss:7.9156 train_time:485ms step_avg:161.69ms
step:4/20000 train_loss:6.9781 train_time:569ms step_avg:142.22ms
step:5/20000 train_loss:7.0703 train_time:654ms step_avg:130.81ms
step:6/20000 train_loss:7.1936 train_time:740ms step_avg:123.35ms
step:7/20000 train_loss:7.2903 train_time:825ms step_avg:117.81ms
step:8/20000 train_loss:6.8798 train_time:910ms step_avg:113.78ms
step:9/20000 train_loss:6.5932 train_time:995ms step_avg:110.50ms
step:10/20000 train_loss:6.3624 train_time:1080ms step_avg:107.98ms
step:500/20000 train_loss:2.3401 train_time:45280ms step_avg:90.56ms
step:1000/20000 train_loss:2.2301 train_time:90750ms step_avg:90.75ms
step:1500/20000 train_loss:2.1885 train_time:136279ms step_avg:90.85ms
step:2000/20000 train_loss:2.1339 train_time:181838ms step_avg:90.92ms
step:2500/20000 train_loss:2.1334 train_time:227349ms step_avg:90.94ms
step:3000/20000 train_loss:2.1357 train_time:272623ms step_avg:90.87ms
step:3500/20000 train_loss:2.0299 train_time:318103ms step_avg:90.89ms
step:4000/20000 train_loss:2.0058 train_time:363584ms step_avg:90.90ms
step:4000/20000 val_loss:2.0238 val_bpb:1.1986 train_time:363634ms step_avg:90.91ms
step:4500/20000 train_loss:2.0258 train_time:409030ms step_avg:90.90ms
step:5000/20000 train_loss:1.9028 train_time:454467ms step_avg:90.89ms
step:5500/20000 train_loss:1.9010 train_time:499647ms step_avg:90.84ms
swa:start step:5950
step:6000/20000 train_loss:1.9397 train_time:545215ms step_avg:90.87ms
late_qat:enabled step:6077 scale:0.1498
step:6500/20000 train_loss:1.9174 train_time:591278ms step_avg:90.97ms
step:6594/20000 val_loss:1.9149 val_bpb:1.1341 train_time:600111ms step_avg:91.01ms
stopping_early: wallclock_cap train_time:600111ms step:6594/20000
peak memory allocated: 22850 MiB reserved: 23004 MiB
ema:applying EMA weights
DIAGNOSTIC post_ema val_loss:1.9134 val_bpb:1.1332 eval_time:2090ms
Serialized model: 106158518 bytes
Code size: 103437 bytes
final_sliding_window val_loss:1.8735 val_bpb:1.1096 stride:64 eval_time:78898ms
final_sliding_window_exact val_loss:1.87351089 val_bpb:1.10960162
============================================
  DONE
============================================
