============================================
  Nightcrawler Cubed — full run
  seed=444 GPUs=8 wallclock=600s
  NUM_FLAT_LAYERS=7 NUM_CRAWLER_LAYERS=3 CRAWLER_LOOPS=3
  LINKED_FLAT_RECUR_LAYERS=1
  CRAWLER_QUANT_INT8=0  (0=smaller artifacts, 1=higher risk for >16MB)
  SKIP_GPTQ=0 LOOP_AWARE_GPTQ=1 GPTQ_CAL_SAMPLES=256
  RUNTIME_PYMINIFY=1 PYMINIFY_MODE=aggressive
  SIZE_TARGET_BYTES=16000000 SELECTIVE_PRUNE_ENABLE=1 SELECTIVE_PRUNE_FACTOR=8
  PRESERVE_SEED_ALIAS=1
  train_py=/workspace/parameter-golf/nightcrawler_cubed_folding/logs/train_gpt_seed444_20260410_225846.min.py
  log: /workspace/parameter-golf/nightcrawler_cubed_folding/logs/train_seed444_20260410_225846.log
============================================

W0410 22:58:49.834000 2906 torch/distributed/run.py:803]
W0410 22:58:49.834000 2906 torch/distributed/run.py:803] *****************************************
W0410 22:58:49.834000 2906 torch/distributed/run.py:803] Setting OMP_NUM_THREADS environment variable for each process to be 1 in default, to avoid your system being overloaded, please further tune the variable for optimal performance in your application as needed.
W0410 22:58:49.834000 2906 torch/distributed/run.py:803] *****************************************
logs/151ef22e-f218-4b5d-9ceb-d7dbecfbd542.txt
val_bpb:enabled tokenizer_kind=sentencepiece tokenizer_path=./data/tokenizers/fineweb_1024_bpe.model
train_loader:dataset:fineweb10B_sp1024 train_shards:80
val_loader:shards pattern=./data/datasets/fineweb10B_sp1024/fineweb_val_*.bin tokens:62021632
model_params:29415508
f1_corr:rank=0 params=0 est_int6_bytes~0
mlp_act:relu_sq mlp_leaky_slope:0.5 crawler_mlp_leaky_slope:0.5 crawler_mlp_choke_dim:0 choke_shape:flat choke_groups:8 crawler_loop_smear:False crawler_tap_dim:0 crawler_tap_loop_specific:True crawler_tap_layers:all crawler_loop_rope_scales:(9, 1, 1) linked_flat_recur_layers:1
XSA:last_11 world_size:8 grad_accum_steps:1
num_heads:8 num_kv_heads:4 embed_lr:0.035 matrix_lr:0.03
train_batch_tokens:786432 train_seq_len:2048 iterations:20000 warmup_steps:20 max_wallclock_seconds:600.000
ablate:skip_train=0 init_model_path:- gptq_cal_samples:256 gptq_cal_seq_len:2048
compile:enabled=1 fullgraph=1 optimize_ddp=0
ddp:find_unused_parameters=1
seed:444
warmup_step:1/20
warmup_step:2/20
warmup_step:3/20
warmup_step:4/20
warmup_step:5/20
warmup_step:6/20
warmup_step:7/20
warmup_step:8/20
warmup_step:9/20
warmup_step:10/20
warmup_step:11/20
warmup_step:12/20
warmup_step:13/20
warmup_step:14/20
warmup_step:15/20
warmup_step:16/20
warmup_step:17/20
warmup_step:18/20
warmup_step:19/20
warmup_step:20/20
step:0/20000 val_loss:6.9293 val_bpb:4.1039 train_time:0ms step_avg:0.02ms
step:1/20000 train_loss:6.9315 train_time:209ms step_avg:209.02ms
step:2/20000 train_loss:8.4878 train_time:370ms step_avg:184.76ms
step:3/20000 train_loss:7.6142 train_time:529ms step_avg:176.26ms
step:4/20000 train_loss:7.3183 train_time:692ms step_avg:173.01ms
step:5/20000 train_loss:7.2004 train_time:852ms step_avg:170.41ms
step:6/20000 train_loss:7.1147 train_time:1013ms step_avg:168.81ms
step:7/20000 train_loss:6.9650 train_time:1177ms step_avg:168.11ms
step:8/20000 train_loss:6.7886 train_time:1342ms step_avg:167.78ms
step:9/20000 train_loss:6.4758 train_time:1506ms step_avg:167.32ms
step:10/20000 train_loss:6.1367 train_time:1670ms step_avg:166.97ms
step:500/20000 train_loss:2.4381 train_time:84127ms step_avg:168.25ms
step:1000/20000 train_loss:2.2823 train_time:168383ms step_avg:168.38ms
step:1500/20000 train_loss:2.2176 train_time:252487ms step_avg:168.32ms
step:2000/20000 train_loss:2.0354 train_time:336423ms step_avg:168.21ms
step:2500/20000 train_loss:2.1191 train_time:420360ms step_avg:168.14ms
step:3000/20000 train_loss:2.0829 train_time:504347ms step_avg:168.12ms
swa:start step:3200
step:3500/20000 train_loss:2.0641 train_time:589203ms step_avg:168.34ms
step:3564/20000 val_loss:1.9601 val_bpb:1.1609 train_time:600004ms step_avg:168.35ms
stopping_early: wallclock_cap train_time:600004ms step:3564/20000
gptq_loop_aware:phase1 collecting all-layer Hessians...
gptq_loop_aware:phase1 collecting all-layer Hessians...
gptq_loop_aware:phase1 collecting all-layer Hessians...
gptq_loop_aware:phase1 collecting all-layer Hessians...
gptq_loop_aware:phase1 collecting all-layer Hessians...
gptq_loop_aware:phase1 collecting all-layer Hessians...
gptq_loop_aware:phase1 collecting all-layer Hessians...
peak memory allocated: 42669 MiB reserved: 44188 MiB
gptq:loop-aware 2-phase calibration samples=256 seq_len=2048...
gptq_loop_aware:phase1 collecting all-layer Hessians...
gptq_loop_aware:patched 36 flat layers with GPTQ weights
gptq_loop_aware:phase2 collecting crawler Hessians with quantized-flat activations...
gptq_loop_aware:patched 36 flat layers with GPTQ weights
gptq_loop_aware:phase2 collecting crawler Hessians with quantized-flat activations...
gptq_loop_aware:patched 36 flat layers with GPTQ weights
gptq_loop_aware:phase2 collecting crawler Hessians with quantized-flat activations...
gptq_loop_aware:patched 36 flat layers with GPTQ weights
gptq_loop_aware:phase2 collecting crawler Hessians with quantized-flat activations...
gptq_loop_aware:patched 36 flat layers with GPTQ weights
gptq_loop_aware:phase2 collecting crawler Hessians with quantized-flat activations...
gptq_loop_aware:patched 36 flat layers with GPTQ weights
gptq_loop_aware:phase2 collecting crawler Hessians with quantized-flat activations...
gptq_loop_aware:patched 36 flat layers with GPTQ weights
gptq_loop_aware:phase2 collecting crawler Hessians with quantized-flat activations...
gptq_loop_aware:patched 36 flat layers with GPTQ weights
gptq_loop_aware:phase2 collecting crawler Hessians with quantized-flat activations...
gptq_loop_aware:phase2 collected 28 crawler Hessians
gptq_loop_aware:restored 36 flat layer weights
gptq_loop_aware:merged 65 Hessians (28 crawler from phase2)
gptq_loop_aware:phase2 collected 28 crawler Hessians
gptq_loop_aware:restored 36 flat layer weights
gptq_loop_aware:merged 65 Hessians (28 crawler from phase2)
gptq_loop_aware:phase2 collected 28 crawler Hessians
gptq_loop_aware:restored 36 flat layer weights
gptq_loop_aware:merged 65 Hessians (28 crawler from phase2)
gptq_loop_aware:phase2 collected 28 crawler Hessians
gptq_loop_aware:restored 36 flat layer weights
gptq_loop_aware:merged 65 Hessians (28 crawler from phase2)
gptq_loop_aware:phase2 collected 28 crawler Hessians
gptq_loop_aware:restored 36 flat layer weights
gptq_loop_aware:merged 65 Hessians (28 crawler from phase2)
gptq:loop-aware calibrated 65 layers in 16.7s
ema:SKIPPED (SKIP_EMA=1) — using live model weights
gptq_loop_aware:phase2 collected 28 crawler Hessians
gptq_loop_aware:restored 36 flat layer weights
gptq_loop_aware:merged 65 Hessians (28 crawler from phase2)
gptq_loop_aware:phase2 collected 28 crawler Hessians
gptq_loop_aware:restored 36 flat layer weights
gptq_loop_aware:merged 65 Hessians (28 crawler from phase2)
gptq_loop_aware:phase2 collected 28 crawler Hessians
gptq_loop_aware:restored 36 flat layer weights
gptq_loop_aware:merged 65 Hessians (28 crawler from phase2)
DIAGNOSTIC post_ema val_loss:1.9601 val_bpb:1.1609 eval_time:4313ms
Serialized model: 115733181 bytes
Code size: 67707 bytes
gptq_quantize: 60 GPTQ layers, 0 naive layers
gptq_quantize: 60 GPTQ layers, 0 naive layers
gptq_quantize: 60 GPTQ layers, 0 naive layers
gptq_quantize: 60 GPTQ layers, 0 naive layers
gptq_quantize: 60 GPTQ layers, 0 naive layers
gptq_quantize: 60 GPTQ layers, 0 naive layers
gptq_quantize: 60 GPTQ layers, 0 naive layers
gptq_quantize: 60 GPTQ layers, 0 naive layers
Serialized model int6+brotli: 15553415 bytes
Total submission size int6+brotli: 15621122 bytes
Total submission size int8+zlib: 15621122 bytes
final_int6_roundtrip val_loss:1.9724 val_bpb:1.1682 eval_time:28967ms
final_int6_roundtrip_exact val_loss:1.97238169 val_bpb:1.16815553
final_int6_sliding_window val_loss:1.9301 val_bpb:1.1431 stride:64 eval_time:166919ms
final_int6_sliding_window_exact val_loss:1.93010243 val_bpb:1.14311840
final_int8_zlib_roundtrip_exact val_loss:1.93010243 val_bpb:1.14311840

============================================
  RESULT — Nightcrawler Cubed seed=444
  model_params:  29415508
  raw_bpb:       1.1609
  int6_sw_bpb:   1.14311840
  step_avg_ms:   168.35
  steps:         3564
  train_time_s:  600
  bytes_total:   15621122  (limit 16000000)
  bytes_code:    67707
  artifact_legal:yes
  log:           /workspace/parameter-golf/nightcrawler_cubed_folding/results/train_seed444_20260410_225846.log
============================================
root@4c40caf1b145:/workspace/parameter-golf# Connection to 100.65.33.148 closed.
